// Jest Snapshot v1, https://goo.gl/fbAQLP

exports[`Camera should render camera correctly 1`] = `
<View
  style={
    Object {
      "alignItems": "center",
    }
  }
>
  <View
    style={
      Object {
        "alignItems": "center",
        "backgroundColor": "#9DE0AD",
        "borderRadius": 50,
        "height": 200,
        "justifyContent": "center",
        "width": 200,
      }
    }
  >
    <Text
      allowFontScaling={false}
      style={
        Array [
          Object {
            "color": "#FFFFFF",
            "fontSize": 40,
          },
          undefined,
          Object {
            "fontFamily": "FontAwesome",
            "fontStyle": "normal",
            "fontWeight": "normal",
          },
          Object {},
        ]
      }
    >
      ï€‡
    </Text>
  </View>
  <View
    style={
      Object {
        "alignItems": "center",
        "flexDirection": "row",
        "justifyContent": "space-between",
        "marginVertical": 10,
        "width": 250,
      }
    }
  >
    <View
      accessible={true}
      collapsable={false}
      focusable={true}
      nativeID="animatedComponent"
      onClick={[Function]}
      onResponderGrant={[Function]}
      onResponderMove={[Function]}
      onResponderRelease={[Function]}
      onResponderTerminate={[Function]}
      onResponderTerminationRequest={[Function]}
      onStartShouldSetResponder={[Function]}
      style={
        Object {
          "alignItems": "center",
          "flex": 1,
          "height": 30,
          "justifyContent": "center",
          "opacity": 1,
        }
      }
    >
      <Text
        style={
          Object {
            "color": "#000000",
            "flex": 1,
            "fontSize": 16,
            "fontWeight": "500",
          }
        }
      >
        Take Image
      </Text>
    </View>
    <View
      accessible={true}
      collapsable={false}
      focusable={true}
      nativeID="animatedComponent"
      onClick={[Function]}
      onResponderGrant={[Function]}
      onResponderMove={[Function]}
      onResponderRelease={[Function]}
      onResponderTerminate={[Function]}
      onResponderTerminationRequest={[Function]}
      onStartShouldSetResponder={[Function]}
      style={
        Object {
          "alignItems": "center",
          "flex": 1,
          "height": 30,
          "justifyContent": "center",
          "opacity": 1,
        }
      }
    >
      <Text
        style={
          Object {
            "color": "#000000",
            "flex": 1,
            "fontSize": 16,
            "fontWeight": "500",
          }
        }
      >
        Select Image
      </Text>
    </View>
  </View>
</View>
`;
