// Jest Snapshot v1, https://goo.gl/fbAQLP

exports[`MainNavigation should render MainNavigation correctly 1`] = `
<RNCSafeAreaProvider
  onInsetsChange={[Function]}
  style={
    Array [
      Object {
        "flex": 1,
      },
      undefined,
    ]
  }
>
  <RNSScreenStack
    style={
      Object {
        "flex": 1,
      }
    }
  >
    <RNSScreen
      collapsable={false}
      forwardedRef={[Function]}
      nativeID="animatedComponent"
      onAppear={[Function]}
      onDisappear={[Function]}
      onDismissed={[Function]}
      onWillDisappear={[Function]}
      replaceAnimation="push"
      stackPresentation="push"
      style={
        Object {
          "bottom": 0,
          "left": 0,
          "position": "absolute",
          "right": 0,
          "top": 0,
        }
      }
    >
      <RNSScreenStackHeaderConfig
        backButtonInCustomView={false}
        backgroundColor="rgb(255, 255, 255)"
        color="rgb(0, 122, 255)"
        direction="ltr"
        disableBackButtonMenu={false}
        hidden={false}
        hideBackButton={false}
        hideShadow={false}
        largeTitleHideShadow={false}
        title="List"
        titleColor="rgb(28, 28, 30)"
        topInsetEnabled={false}
        translucent={false}
      />
      <View
        style={
          Array [
            Object {
              "flex": 1,
            },
            Object {
              "backgroundColor": "rgb(242, 242, 242)",
            },
            undefined,
          ]
        }
      >
        <ContactList
          navigation={
            Object {
              "addListener": [Function],
              "canGoBack": [Function],
              "dispatch": [Function],
              "getParent": [Function],
              "getState": [Function],
              "goBack": [Function],
              "isFocused": [Function],
              "navigate": [Function],
              "pop": [Function],
              "popToTop": [Function],
              "push": [Function],
              "removeListener": [Function],
              "replace": [Function],
              "reset": [Function],
              "setOptions": [Function],
              "setParams": [Function],
            }
          }
          route={
            Object {
              "key": "List-TbrK_4amHHo3zybfcU2dq",
              "name": "List",
              "params": undefined,
            }
          }
        />
      </View>
    </RNSScreen>
  </RNSScreenStack>
</RNCSafeAreaProvider>
`;
